> Task :app:preBuild UP-TO-DATE
> Task :app:preDebugBuild UP-TO-DATE
> Task :app:mergeDebugNativeDebugMetadata NO-SOURCE
> Task :app:checkKotlinGradlePluginConfigurationErrors SKIPPED
> Task :app:generateDebugResValues UP-TO-DATE
> Task :app:mapDebugSourceSetPaths UP-TO-DATE
> Task :app:checkDebugAarMetadata FAILED
> Task :app:generateDebugResources

FAILURE: Build failed with an exception.

* What went wrong:
Execution failed for task ':app:checkDebugAarMetadata'.
> A failure occurred while executing com.android.build.gradle.internal.tasks.CheckAarMetadataWorkAction
   > 7 issues were found when checking AAR metadata:
     
       1.  Dependency 'androidx.navigationevent:navigationevent-android:1.0.2' requires libraries and applications that
           depend on it to compile against version 36 or later of the
           Android APIs.
     
           :app is currently compiled against android-35.
     
           Recommended action: Update this project to use a newer compileSdk
           of at least 36, for example 36.
     
           Note that updating a library or application's compileSdk (which
           allows newer APIs to be used) can be done separately from updating
           targetSdk (which opts the app in to new runtime behavior) and
           minSdk (which determines which devices the app can be installed
           on).
     
       2.  Dependency 'androidx.navigationevent:navigationevent-compose-android:1.0.2' requires libraries and applications that
           depend on it to compile against version 36 or later of the
           Android APIs.
     
           :app is currently compiled against android-35.
     
           Recommended action: Update this project to use a newer compileSdk
           of at least 36, for example 36.
     
           Note that updating a library or application's compileSdk (which
           allows newer APIs to be used) can be done separately from updating
           targetSdk (which opts the app in to new runtime behavior) and
           minSdk (which determines which devices the app can be installed
           on).
     
       3.  Dependency 'androidx.activity:activity-ktx:1.12.4' requires libraries and applications that
           depend on it to compile against version 36 or later of the
           Android APIs.
     
           :app is currently compiled against android-35.
     
           Recommended action: Update this project to use a newer compileSdk
           of at least 36, for example 36.
     
           Note that updating a library or application's compileSdk (which
           allows newer APIs to be used) can be done separately from updating
           targetSdk (which opts the app in to new runtime behavior) and
           minSdk (which determines which devices the app can be installed
           on).
     
       4.  Dependency 'androidx.activity:activity:1.12.4' requires libraries and applications that
           depend on it to compile against version 36 or later of the
           Android APIs.
     
           :app is currently compiled against android-35.
     
           Recommended action: Update this project to use a newer compileSdk
           of at least 36, for example 36.
     
           Note that updating a library or application's compileSdk (which
           allows newer APIs to be used) can be done separately from updating
           targetSdk (which opts the app in to new runtime behavior) and
           minSdk (which determines which devices the app can be installed
           on).
     
       5.  Dependency 'androidx.activity:activity-compose:1.12.4' requires libraries and applications that
           depend on it to compile against version 36 or later of the
           Android APIs.
     
           :app is currently compiled against android-35.
     
           Recommended action: Update this project to use a newer compileSdk
           of at least 36, for example 36.
     
           Note that updating a library or application's compileSdk (which
           allows newer APIs to be used) can be done separately from updating
           targetSdk (which opts the app in to new runtime behavior) and
           minSdk (which determines which devices the app can be installed
           on).
     
       6.  Dependency 'androidx.core:core:1.17.0' requires libraries and applications that
           depend on it to compile against version 36 or later of the
           Android APIs.
     
           :app is currently compiled against android-35.
     
           Recommended action: Update this project to use a newer compileSdk
           of at least 36, for example 36.
     
           Note that updating a library or application's compileSdk (which
           allows newer APIs to be used) can be done separately from updating
           targetSdk (which opts the app in to new runtime behavior) and
           minSdk (which determines which devices the app can be installed
           on).
     
       7.  Dependency 'androidx.core:core-ktx:1.17.0' requires libraries and applications that
           depend on it to compile against version 36 or later of the
           Android APIs.
     
           :app is currently compiled against android-35.
     
           Recommended action: Update this project to use a newer compileSdk
           of at least 36, for example 36.
     
           Note that updating a library or application's compileSdk (which
           allows newer APIs to be used) can be done separately from updating
           targetSdk (which opts the app in to new runtime behavior) and
           minSdk (which determines which devices the app can be installed
           on).

* Try:
> Run with --stacktrace option to get the stack trace.
> Run with --info or --debug option to get more log output.
> Run with --scan to get full insights.
> Get more help at https://help.gradle.org.

BUILD FAILED in 614ms
4 actionable tasks: 2 executed, 2 up-to-date
